// Vitest Snapshot v1, https://vitest.dev/guide/snapshot.html

exports[`MnemonicWordGrid snapshot > display mode > renders 24 words in display mode 1`] = `
<div>
  <div
    class="MuiBox-root css-fzhb9j"
  >
    <div
      class="MuiBox-root css-7hh8u1"
    >
      <span
        class="css-1g3o1c6"
      >
        1
        .
      </span>
      <span
        class="css-13ex2qi"
      >
        abandon
      </span>
    </div>
    <div
      class="MuiBox-root css-7hh8u1"
    >
      <span
        class="css-1g3o1c6"
      >
        2
        .
      </span>
      <span
        class="css-13ex2qi"
      >
        ability
      </span>
    </div>
    <div
      class="MuiBox-root css-7hh8u1"
    >
      <span
        class="css-1g3o1c6"
      >
        3
        .
      </span>
      <span
        class="css-13ex2qi"
      >
        able
      </span>
    </div>
    <div
      class="MuiBox-root css-7hh8u1"
    >
      <span
        class="css-1g3o1c6"
      >
        4
        .
      </span>
      <span
        class="css-13ex2qi"
      >
        about
      </span>
    </div>
    <div
      class="MuiBox-root css-7hh8u1"
    >
      <span
        class="css-1g3o1c6"
      >
        5
        .
      </span>
      <span
        class="css-13ex2qi"
      >
        above
      </span>
    </div>
    <div
      class="MuiBox-root css-7hh8u1"
    >
      <span
        class="css-1g3o1c6"
      >
        6
        .
      </span>
      <span
        class="css-13ex2qi"
      >
        absent
      </span>
    </div>
    <div
      class="MuiBox-root css-7hh8u1"
    >
      <span
        class="css-1g3o1c6"
      >
        7
        .
      </span>
      <span
        class="css-13ex2qi"
      >
        absorb
      </span>
    </div>
    <div
      class="MuiBox-root css-7hh8u1"
    >
      <span
        class="css-1g3o1c6"
      >
        8
        .
      </span>
      <span
        class="css-13ex2qi"
      >
        abstract
      </span>
    </div>
    <div
      class="MuiBox-root css-7hh8u1"
    >
      <span
        class="css-1g3o1c6"
      >
        9
        .
      </span>
      <span
        class="css-13ex2qi"
      >
        absurd
      </span>
    </div>
    <div
      class="MuiBox-root css-7hh8u1"
    >
      <span
        class="css-1g3o1c6"
      >
        10
        .
      </span>
      <span
        class="css-13ex2qi"
      >
        abuse
      </span>
    </div>
    <div
      class="MuiBox-root css-7hh8u1"
    >
      <span
        class="css-1g3o1c6"
      >
        11
        .
      </span>
      <span
        class="css-13ex2qi"
      >
        access
      </span>
    </div>
    <div
      class="MuiBox-root css-7hh8u1"
    >
      <span
        class="css-1g3o1c6"
      >
        12
        .
      </span>
      <span
        class="css-13ex2qi"
      >
        accident
      </span>
    </div>
    <div
      class="MuiBox-root css-7hh8u1"
    >
      <span
        class="css-1g3o1c6"
      >
        13
        .
      </span>
      <span
        class="css-13ex2qi"
      >
        account
      </span>
    </div>
    <div
      class="MuiBox-root css-7hh8u1"
    >
      <span
        class="css-1g3o1c6"
      >
        14
        .
      </span>
      <span
        class="css-13ex2qi"
      >
        accuse
      </span>
    </div>
    <div
      class="MuiBox-root css-7hh8u1"
    >
      <span
        class="css-1g3o1c6"
      >
        15
        .
      </span>
      <span
        class="css-13ex2qi"
      >
        achieve
      </span>
    </div>
    <div
      class="MuiBox-root css-7hh8u1"
    >
      <span
        class="css-1g3o1c6"
      >
        16
        .
      </span>
      <span
        class="css-13ex2qi"
      >
        acid
      </span>
    </div>
    <div
      class="MuiBox-root css-7hh8u1"
    >
      <span
        class="css-1g3o1c6"
      >
        17
        .
      </span>
      <span
        class="css-13ex2qi"
      >
        acoustic
      </span>
    </div>
    <div
      class="MuiBox-root css-7hh8u1"
    >
      <span
        class="css-1g3o1c6"
      >
        18
        .
      </span>
      <span
        class="css-13ex2qi"
      >
        acquire
      </span>
    </div>
    <div
      class="MuiBox-root css-7hh8u1"
    >
      <span
        class="css-1g3o1c6"
      >
        19
        .
      </span>
      <span
        class="css-13ex2qi"
      >
        across
      </span>
    </div>
    <div
      class="MuiBox-root css-7hh8u1"
    >
      <span
        class="css-1g3o1c6"
      >
        20
        .
      </span>
      <span
        class="css-13ex2qi"
      >
        act
      </span>
    </div>
    <div
      class="MuiBox-root css-7hh8u1"
    >
      <span
        class="css-1g3o1c6"
      >
        21
        .
      </span>
      <span
        class="css-13ex2qi"
      >
        action
      </span>
    </div>
    <div
      class="MuiBox-root css-7hh8u1"
    >
      <span
        class="css-1g3o1c6"
      >
        22
        .
      </span>
      <span
        class="css-13ex2qi"
      >
        actor
      </span>
    </div>
    <div
      class="MuiBox-root css-7hh8u1"
    >
      <span
        class="css-1g3o1c6"
      >
        23
        .
      </span>
      <span
        class="css-13ex2qi"
      >
        actress
      </span>
    </div>
    <div
      class="MuiBox-root css-7hh8u1"
    >
      <span
        class="css-1g3o1c6"
      >
        24
        .
      </span>
      <span
        class="css-13ex2qi"
      >
        actual
      </span>
    </div>
  </div>
</div>
`;

exports[`MnemonicWordGrid snapshot > display mode > shows numbered index for each word 1`] = `
<div>
  <div
    class="MuiBox-root css-fzhb9j"
  >
    <div
      class="MuiBox-root css-7hh8u1"
    >
      <span
        class="css-1g3o1c6"
      >
        1
        .
      </span>
      <span
        class="css-13ex2qi"
      >
        abandon
      </span>
    </div>
    <div
      class="MuiBox-root css-7hh8u1"
    >
      <span
        class="css-1g3o1c6"
      >
        2
        .
      </span>
      <span
        class="css-13ex2qi"
      >
        ability
      </span>
    </div>
    <div
      class="MuiBox-root css-7hh8u1"
    >
      <span
        class="css-1g3o1c6"
      >
        3
        .
      </span>
      <span
        class="css-13ex2qi"
      >
        able
      </span>
    </div>
    <div
      class="MuiBox-root css-7hh8u1"
    >
      <span
        class="css-1g3o1c6"
      >
        4
        .
      </span>
      <span
        class="css-13ex2qi"
      >
        about
      </span>
    </div>
    <div
      class="MuiBox-root css-7hh8u1"
    >
      <span
        class="css-1g3o1c6"
      >
        5
        .
      </span>
      <span
        class="css-13ex2qi"
      >
        above
      </span>
    </div>
    <div
      class="MuiBox-root css-7hh8u1"
    >
      <span
        class="css-1g3o1c6"
      >
        6
        .
      </span>
      <span
        class="css-13ex2qi"
      >
        absent
      </span>
    </div>
    <div
      class="MuiBox-root css-7hh8u1"
    >
      <span
        class="css-1g3o1c6"
      >
        7
        .
      </span>
      <span
        class="css-13ex2qi"
      >
        absorb
      </span>
    </div>
    <div
      class="MuiBox-root css-7hh8u1"
    >
      <span
        class="css-1g3o1c6"
      >
        8
        .
      </span>
      <span
        class="css-13ex2qi"
      >
        abstract
      </span>
    </div>
    <div
      class="MuiBox-root css-7hh8u1"
    >
      <span
        class="css-1g3o1c6"
      >
        9
        .
      </span>
      <span
        class="css-13ex2qi"
      >
        absurd
      </span>
    </div>
    <div
      class="MuiBox-root css-7hh8u1"
    >
      <span
        class="css-1g3o1c6"
      >
        10
        .
      </span>
      <span
        class="css-13ex2qi"
      >
        abuse
      </span>
    </div>
    <div
      class="MuiBox-root css-7hh8u1"
    >
      <span
        class="css-1g3o1c6"
      >
        11
        .
      </span>
      <span
        class="css-13ex2qi"
      >
        access
      </span>
    </div>
    <div
      class="MuiBox-root css-7hh8u1"
    >
      <span
        class="css-1g3o1c6"
      >
        12
        .
      </span>
      <span
        class="css-13ex2qi"
      >
        accident
      </span>
    </div>
    <div
      class="MuiBox-root css-7hh8u1"
    >
      <span
        class="css-1g3o1c6"
      >
        13
        .
      </span>
      <span
        class="css-13ex2qi"
      >
        account
      </span>
    </div>
    <div
      class="MuiBox-root css-7hh8u1"
    >
      <span
        class="css-1g3o1c6"
      >
        14
        .
      </span>
      <span
        class="css-13ex2qi"
      >
        accuse
      </span>
    </div>
    <div
      class="MuiBox-root css-7hh8u1"
    >
      <span
        class="css-1g3o1c6"
      >
        15
        .
      </span>
      <span
        class="css-13ex2qi"
      >
        achieve
      </span>
    </div>
    <div
      class="MuiBox-root css-7hh8u1"
    >
      <span
        class="css-1g3o1c6"
      >
        16
        .
      </span>
      <span
        class="css-13ex2qi"
      >
        acid
      </span>
    </div>
    <div
      class="MuiBox-root css-7hh8u1"
    >
      <span
        class="css-1g3o1c6"
      >
        17
        .
      </span>
      <span
        class="css-13ex2qi"
      >
        acoustic
      </span>
    </div>
    <div
      class="MuiBox-root css-7hh8u1"
    >
      <span
        class="css-1g3o1c6"
      >
        18
        .
      </span>
      <span
        class="css-13ex2qi"
      >
        acquire
      </span>
    </div>
    <div
      class="MuiBox-root css-7hh8u1"
    >
      <span
        class="css-1g3o1c6"
      >
        19
        .
      </span>
      <span
        class="css-13ex2qi"
      >
        across
      </span>
    </div>
    <div
      class="MuiBox-root css-7hh8u1"
    >
      <span
        class="css-1g3o1c6"
      >
        20
        .
      </span>
      <span
        class="css-13ex2qi"
      >
        act
      </span>
    </div>
    <div
      class="MuiBox-root css-7hh8u1"
    >
      <span
        class="css-1g3o1c6"
      >
        21
        .
      </span>
      <span
        class="css-13ex2qi"
      >
        action
      </span>
    </div>
    <div
      class="MuiBox-root css-7hh8u1"
    >
      <span
        class="css-1g3o1c6"
      >
        22
        .
      </span>
      <span
        class="css-13ex2qi"
      >
        actor
      </span>
    </div>
    <div
      class="MuiBox-root css-7hh8u1"
    >
      <span
        class="css-1g3o1c6"
      >
        23
        .
      </span>
      <span
        class="css-13ex2qi"
      >
        actress
      </span>
    </div>
    <div
      class="MuiBox-root css-7hh8u1"
    >
      <span
        class="css-1g3o1c6"
      >
        24
        .
      </span>
      <span
        class="css-13ex2qi"
      >
        actual
      </span>
    </div>
  </div>
</div>
`;

exports[`MnemonicWordGrid snapshot > verify mode > renders verify mode with a single blank slot 1`] = `
<div>
  <div
    class="MuiBox-root css-fzhb9j"
  >
    <div
      class="MuiBox-root css-12hnpa7"
    >
      <span
        class="css-1g3o1c6"
      >
        1
        .
      </span>
      <div
        class="MuiInputBase-root MuiInputBase-colorPrimary css-1dpec21-MuiInputBase-root"
        spellcheck="false"
      >
        <input
          aria-label="Word 1"
          autocomplete="off"
          class="MuiInputBase-input css-4byxh0-MuiInputBase-input"
          placeholder="..."
          type="text"
          value=""
        />
      </div>
    </div>
    <div
      class="MuiBox-root css-7hh8u1"
    >
      <span
        class="css-1g3o1c6"
      >
        2
        .
      </span>
      <span
        class="css-13ex2qi"
      >
        ability
      </span>
    </div>
    <div
      class="MuiBox-root css-7hh8u1"
    >
      <span
        class="css-1g3o1c6"
      >
        3
        .
      </span>
      <span
        class="css-13ex2qi"
      >
        able
      </span>
    </div>
    <div
      class="MuiBox-root css-7hh8u1"
    >
      <span
        class="css-1g3o1c6"
      >
        4
        .
      </span>
      <span
        class="css-13ex2qi"
      >
        about
      </span>
    </div>
    <div
      class="MuiBox-root css-7hh8u1"
    >
      <span
        class="css-1g3o1c6"
      >
        5
        .
      </span>
      <span
        class="css-13ex2qi"
      >
        above
      </span>
    </div>
    <div
      class="MuiBox-root css-7hh8u1"
    >
      <span
        class="css-1g3o1c6"
      >
        6
        .
      </span>
      <span
        class="css-13ex2qi"
      >
        absent
      </span>
    </div>
    <div
      class="MuiBox-root css-7hh8u1"
    >
      <span
        class="css-1g3o1c6"
      >
        7
        .
      </span>
      <span
        class="css-13ex2qi"
      >
        absorb
      </span>
    </div>
    <div
      class="MuiBox-root css-7hh8u1"
    >
      <span
        class="css-1g3o1c6"
      >
        8
        .
      </span>
      <span
        class="css-13ex2qi"
      >
        abstract
      </span>
    </div>
    <div
      class="MuiBox-root css-7hh8u1"
    >
      <span
        class="css-1g3o1c6"
      >
        9
        .
      </span>
      <span
        class="css-13ex2qi"
      >
        absurd
      </span>
    </div>
    <div
      class="MuiBox-root css-7hh8u1"
    >
      <span
        class="css-1g3o1c6"
      >
        10
        .
      </span>
      <span
        class="css-13ex2qi"
      >
        abuse
      </span>
    </div>
    <div
      class="MuiBox-root css-7hh8u1"
    >
      <span
        class="css-1g3o1c6"
      >
        11
        .
      </span>
      <span
        class="css-13ex2qi"
      >
        access
      </span>
    </div>
    <div
      class="MuiBox-root css-7hh8u1"
    >
      <span
        class="css-1g3o1c6"
      >
        12
        .
      </span>
      <span
        class="css-13ex2qi"
      >
        accident
      </span>
    </div>
    <div
      class="MuiBox-root css-7hh8u1"
    >
      <span
        class="css-1g3o1c6"
      >
        13
        .
      </span>
      <span
        class="css-13ex2qi"
      >
        account
      </span>
    </div>
    <div
      class="MuiBox-root css-7hh8u1"
    >
      <span
        class="css-1g3o1c6"
      >
        14
        .
      </span>
      <span
        class="css-13ex2qi"
      >
        accuse
      </span>
    </div>
    <div
      class="MuiBox-root css-7hh8u1"
    >
      <span
        class="css-1g3o1c6"
      >
        15
        .
      </span>
      <span
        class="css-13ex2qi"
      >
        achieve
      </span>
    </div>
    <div
      class="MuiBox-root css-7hh8u1"
    >
      <span
        class="css-1g3o1c6"
      >
        16
        .
      </span>
      <span
        class="css-13ex2qi"
      >
        acid
      </span>
    </div>
    <div
      class="MuiBox-root css-7hh8u1"
    >
      <span
        class="css-1g3o1c6"
      >
        17
        .
      </span>
      <span
        class="css-13ex2qi"
      >
        acoustic
      </span>
    </div>
    <div
      class="MuiBox-root css-7hh8u1"
    >
      <span
        class="css-1g3o1c6"
      >
        18
        .
      </span>
      <span
        class="css-13ex2qi"
      >
        acquire
      </span>
    </div>
    <div
      class="MuiBox-root css-7hh8u1"
    >
      <span
        class="css-1g3o1c6"
      >
        19
        .
      </span>
      <span
        class="css-13ex2qi"
      >
        across
      </span>
    </div>
    <div
      class="MuiBox-root css-7hh8u1"
    >
      <span
        class="css-1g3o1c6"
      >
        20
        .
      </span>
      <span
        class="css-13ex2qi"
      >
        act
      </span>
    </div>
    <div
      class="MuiBox-root css-7hh8u1"
    >
      <span
        class="css-1g3o1c6"
      >
        21
        .
      </span>
      <span
        class="css-13ex2qi"
      >
        action
      </span>
    </div>
    <div
      class="MuiBox-root css-7hh8u1"
    >
      <span
        class="css-1g3o1c6"
      >
        22
        .
      </span>
      <span
        class="css-13ex2qi"
      >
        actor
      </span>
    </div>
    <div
      class="MuiBox-root css-7hh8u1"
    >
      <span
        class="css-1g3o1c6"
      >
        23
        .
      </span>
      <span
        class="css-13ex2qi"
      >
        actress
      </span>
    </div>
    <div
      class="MuiBox-root css-7hh8u1"
    >
      <span
        class="css-1g3o1c6"
      >
        24
        .
      </span>
      <span
        class="css-13ex2qi"
      >
        actual
      </span>
    </div>
  </div>
</div>
`;

exports[`MnemonicWordGrid snapshot > verify mode > renders verify mode with blank slots at specified indices 1`] = `
<div>
  <div
    class="MuiBox-root css-fzhb9j"
  >
    <div
      class="MuiBox-root css-7hh8u1"
    >
      <span
        class="css-1g3o1c6"
      >
        1
        .
      </span>
      <span
        class="css-13ex2qi"
      >
        abandon
      </span>
    </div>
    <div
      class="MuiBox-root css-7hh8u1"
    >
      <span
        class="css-1g3o1c6"
      >
        2
        .
      </span>
      <span
        class="css-13ex2qi"
      >
        ability
      </span>
    </div>
    <div
      class="MuiBox-root css-12hnpa7"
    >
      <span
        class="css-1g3o1c6"
      >
        3
        .
      </span>
      <div
        class="MuiInputBase-root MuiInputBase-colorPrimary css-1dpec21-MuiInputBase-root"
        spellcheck="false"
      >
        <input
          aria-label="Word 3"
          autocomplete="off"
          class="MuiInputBase-input css-4byxh0-MuiInputBase-input"
          placeholder="..."
          type="text"
          value=""
        />
      </div>
    </div>
    <div
      class="MuiBox-root css-7hh8u1"
    >
      <span
        class="css-1g3o1c6"
      >
        4
        .
      </span>
      <span
        class="css-13ex2qi"
      >
        about
      </span>
    </div>
    <div
      class="MuiBox-root css-7hh8u1"
    >
      <span
        class="css-1g3o1c6"
      >
        5
        .
      </span>
      <span
        class="css-13ex2qi"
      >
        above
      </span>
    </div>
    <div
      class="MuiBox-root css-7hh8u1"
    >
      <span
        class="css-1g3o1c6"
      >
        6
        .
      </span>
      <span
        class="css-13ex2qi"
      >
        absent
      </span>
    </div>
    <div
      class="MuiBox-root css-7hh8u1"
    >
      <span
        class="css-1g3o1c6"
      >
        7
        .
      </span>
      <span
        class="css-13ex2qi"
      >
        absorb
      </span>
    </div>
    <div
      class="MuiBox-root css-12hnpa7"
    >
      <span
        class="css-1g3o1c6"
      >
        8
        .
      </span>
      <div
        class="MuiInputBase-root MuiInputBase-colorPrimary css-1dpec21-MuiInputBase-root"
        spellcheck="false"
      >
        <input
          aria-label="Word 8"
          autocomplete="off"
          class="MuiInputBase-input css-4byxh0-MuiInputBase-input"
          placeholder="..."
          type="text"
          value=""
        />
      </div>
    </div>
    <div
      class="MuiBox-root css-7hh8u1"
    >
      <span
        class="css-1g3o1c6"
      >
        9
        .
      </span>
      <span
        class="css-13ex2qi"
      >
        absurd
      </span>
    </div>
    <div
      class="MuiBox-root css-7hh8u1"
    >
      <span
        class="css-1g3o1c6"
      >
        10
        .
      </span>
      <span
        class="css-13ex2qi"
      >
        abuse
      </span>
    </div>
    <div
      class="MuiBox-root css-7hh8u1"
    >
      <span
        class="css-1g3o1c6"
      >
        11
        .
      </span>
      <span
        class="css-13ex2qi"
      >
        access
      </span>
    </div>
    <div
      class="MuiBox-root css-7hh8u1"
    >
      <span
        class="css-1g3o1c6"
      >
        12
        .
      </span>
      <span
        class="css-13ex2qi"
      >
        accident
      </span>
    </div>
    <div
      class="MuiBox-root css-7hh8u1"
    >
      <span
        class="css-1g3o1c6"
      >
        13
        .
      </span>
      <span
        class="css-13ex2qi"
      >
        account
      </span>
    </div>
    <div
      class="MuiBox-root css-7hh8u1"
    >
      <span
        class="css-1g3o1c6"
      >
        14
        .
      </span>
      <span
        class="css-13ex2qi"
      >
        accuse
      </span>
    </div>
    <div
      class="MuiBox-root css-7hh8u1"
    >
      <span
        class="css-1g3o1c6"
      >
        15
        .
      </span>
      <span
        class="css-13ex2qi"
      >
        achieve
      </span>
    </div>
    <div
      class="MuiBox-root css-12hnpa7"
    >
      <span
        class="css-1g3o1c6"
      >
        16
        .
      </span>
      <div
        class="MuiInputBase-root MuiInputBase-colorPrimary css-1dpec21-MuiInputBase-root"
        spellcheck="false"
      >
        <input
          aria-label="Word 16"
          autocomplete="off"
          class="MuiInputBase-input css-4byxh0-MuiInputBase-input"
          placeholder="..."
          type="text"
          value=""
        />
      </div>
    </div>
    <div
      class="MuiBox-root css-7hh8u1"
    >
      <span
        class="css-1g3o1c6"
      >
        17
        .
      </span>
      <span
        class="css-13ex2qi"
      >
        acoustic
      </span>
    </div>
    <div
      class="MuiBox-root css-7hh8u1"
    >
      <span
        class="css-1g3o1c6"
      >
        18
        .
      </span>
      <span
        class="css-13ex2qi"
      >
        acquire
      </span>
    </div>
    <div
      class="MuiBox-root css-7hh8u1"
    >
      <span
        class="css-1g3o1c6"
      >
        19
        .
      </span>
      <span
        class="css-13ex2qi"
      >
        across
      </span>
    </div>
    <div
      class="MuiBox-root css-7hh8u1"
    >
      <span
        class="css-1g3o1c6"
      >
        20
        .
      </span>
      <span
        class="css-13ex2qi"
      >
        act
      </span>
    </div>
    <div
      class="MuiBox-root css-7hh8u1"
    >
      <span
        class="css-1g3o1c6"
      >
        21
        .
      </span>
      <span
        class="css-13ex2qi"
      >
        action
      </span>
    </div>
    <div
      class="MuiBox-root css-7hh8u1"
    >
      <span
        class="css-1g3o1c6"
      >
        22
        .
      </span>
      <span
        class="css-13ex2qi"
      >
        actor
      </span>
    </div>
    <div
      class="MuiBox-root css-7hh8u1"
    >
      <span
        class="css-1g3o1c6"
      >
        23
        .
      </span>
      <span
        class="css-13ex2qi"
      >
        actress
      </span>
    </div>
    <div
      class="MuiBox-root css-7hh8u1"
    >
      <span
        class="css-1g3o1c6"
      >
        24
        .
      </span>
      <span
        class="css-13ex2qi"
      >
        actual
      </span>
    </div>
  </div>
</div>
`;

exports[`MnemonicWordGrid snapshot > verify mode > renders verify mode with partially filled inputs 1`] = `
<div>
  <div
    class="MuiBox-root css-fzhb9j"
  >
    <div
      class="MuiBox-root css-7hh8u1"
    >
      <span
        class="css-1g3o1c6"
      >
        1
        .
      </span>
      <span
        class="css-13ex2qi"
      >
        abandon
      </span>
    </div>
    <div
      class="MuiBox-root css-7hh8u1"
    >
      <span
        class="css-1g3o1c6"
      >
        2
        .
      </span>
      <span
        class="css-13ex2qi"
      >
        ability
      </span>
    </div>
    <div
      class="MuiBox-root css-12hnpa7"
    >
      <span
        class="css-1g3o1c6"
      >
        3
        .
      </span>
      <div
        class="MuiInputBase-root MuiInputBase-colorPrimary css-1dpec21-MuiInputBase-root"
        spellcheck="false"
      >
        <input
          aria-label="Word 3"
          autocomplete="off"
          class="MuiInputBase-input css-4byxh0-MuiInputBase-input"
          placeholder="..."
          type="text"
          value="able"
        />
      </div>
    </div>
    <div
      class="MuiBox-root css-7hh8u1"
    >
      <span
        class="css-1g3o1c6"
      >
        4
        .
      </span>
      <span
        class="css-13ex2qi"
      >
        about
      </span>
    </div>
    <div
      class="MuiBox-root css-7hh8u1"
    >
      <span
        class="css-1g3o1c6"
      >
        5
        .
      </span>
      <span
        class="css-13ex2qi"
      >
        above
      </span>
    </div>
    <div
      class="MuiBox-root css-7hh8u1"
    >
      <span
        class="css-1g3o1c6"
      >
        6
        .
      </span>
      <span
        class="css-13ex2qi"
      >
        absent
      </span>
    </div>
    <div
      class="MuiBox-root css-7hh8u1"
    >
      <span
        class="css-1g3o1c6"
      >
        7
        .
      </span>
      <span
        class="css-13ex2qi"
      >
        absorb
      </span>
    </div>
    <div
      class="MuiBox-root css-12hnpa7"
    >
      <span
        class="css-1g3o1c6"
      >
        8
        .
      </span>
      <div
        class="MuiInputBase-root MuiInputBase-colorPrimary css-1dpec21-MuiInputBase-root"
        spellcheck="false"
      >
        <input
          aria-label="Word 8"
          autocomplete="off"
          class="MuiInputBase-input css-4byxh0-MuiInputBase-input"
          placeholder="..."
          type="text"
          value=""
        />
      </div>
    </div>
    <div
      class="MuiBox-root css-7hh8u1"
    >
      <span
        class="css-1g3o1c6"
      >
        9
        .
      </span>
      <span
        class="css-13ex2qi"
      >
        absurd
      </span>
    </div>
    <div
      class="MuiBox-root css-7hh8u1"
    >
      <span
        class="css-1g3o1c6"
      >
        10
        .
      </span>
      <span
        class="css-13ex2qi"
      >
        abuse
      </span>
    </div>
    <div
      class="MuiBox-root css-7hh8u1"
    >
      <span
        class="css-1g3o1c6"
      >
        11
        .
      </span>
      <span
        class="css-13ex2qi"
      >
        access
      </span>
    </div>
    <div
      class="MuiBox-root css-7hh8u1"
    >
      <span
        class="css-1g3o1c6"
      >
        12
        .
      </span>
      <span
        class="css-13ex2qi"
      >
        accident
      </span>
    </div>
    <div
      class="MuiBox-root css-7hh8u1"
    >
      <span
        class="css-1g3o1c6"
      >
        13
        .
      </span>
      <span
        class="css-13ex2qi"
      >
        account
      </span>
    </div>
    <div
      class="MuiBox-root css-7hh8u1"
    >
      <span
        class="css-1g3o1c6"
      >
        14
        .
      </span>
      <span
        class="css-13ex2qi"
      >
        accuse
      </span>
    </div>
    <div
      class="MuiBox-root css-7hh8u1"
    >
      <span
        class="css-1g3o1c6"
      >
        15
        .
      </span>
      <span
        class="css-13ex2qi"
      >
        achieve
      </span>
    </div>
    <div
      class="MuiBox-root css-12hnpa7"
    >
      <span
        class="css-1g3o1c6"
      >
        16
        .
      </span>
      <div
        class="MuiInputBase-root MuiInputBase-colorPrimary css-1dpec21-MuiInputBase-root"
        spellcheck="false"
      >
        <input
          aria-label="Word 16"
          autocomplete="off"
          class="MuiInputBase-input css-4byxh0-MuiInputBase-input"
          placeholder="..."
          type="text"
          value=""
        />
      </div>
    </div>
    <div
      class="MuiBox-root css-7hh8u1"
    >
      <span
        class="css-1g3o1c6"
      >
        17
        .
      </span>
      <span
        class="css-13ex2qi"
      >
        acoustic
      </span>
    </div>
    <div
      class="MuiBox-root css-7hh8u1"
    >
      <span
        class="css-1g3o1c6"
      >
        18
        .
      </span>
      <span
        class="css-13ex2qi"
      >
        acquire
      </span>
    </div>
    <div
      class="MuiBox-root css-7hh8u1"
    >
      <span
        class="css-1g3o1c6"
      >
        19
        .
      </span>
      <span
        class="css-13ex2qi"
      >
        across
      </span>
    </div>
    <div
      class="MuiBox-root css-7hh8u1"
    >
      <span
        class="css-1g3o1c6"
      >
        20
        .
      </span>
      <span
        class="css-13ex2qi"
      >
        act
      </span>
    </div>
    <div
      class="MuiBox-root css-7hh8u1"
    >
      <span
        class="css-1g3o1c6"
      >
        21
        .
      </span>
      <span
        class="css-13ex2qi"
      >
        action
      </span>
    </div>
    <div
      class="MuiBox-root css-7hh8u1"
    >
      <span
        class="css-1g3o1c6"
      >
        22
        .
      </span>
      <span
        class="css-13ex2qi"
      >
        actor
      </span>
    </div>
    <div
      class="MuiBox-root css-7hh8u1"
    >
      <span
        class="css-1g3o1c6"
      >
        23
        .
      </span>
      <span
        class="css-13ex2qi"
      >
        actress
      </span>
    </div>
    <div
      class="MuiBox-root css-7hh8u1"
    >
      <span
        class="css-1g3o1c6"
      >
        24
        .
      </span>
      <span
        class="css-13ex2qi"
      >
        actual
      </span>
    </div>
  </div>
</div>
`;
