// Vitest Snapshot v1, https://vitest.dev/guide/snapshot.html

exports[`ExternalLink snapshot > external link matches snapshot 1`] = `
<div>
  <a
    class="MuiTypography-root MuiTypography-inherit MuiLink-root MuiLink-underlineAlways css-a7vmzy-MuiTypography-root-MuiLink-root"
    href="https://example.com"
    rel="noopener noreferrer nofollow"
    target="_blank"
  >
    Goes outside...
    <svg
      aria-hidden="true"
      class="MuiSvgIcon-root MuiSvgIcon-fontSizeMedium css-4uxqju-MuiSvgIcon-root"
      data-testid="OpenInNewIcon"
      focusable="false"
      viewBox="0 0 24 24"
    >
      <path
        d="M19 19H5V5h7V3H5c-1.11 0-2 .9-2 2v14c0 1.1.89 2 2 2h14c1.1 0 2-.9 2-2v-7h-2zM14 3v2h3.59l-9.83 9.83 1.41 1.41L19 6.41V10h2V3z"
      />
    </svg>
  </a>
</div>
`;
